exports[`test renders an example chart correctly 1`] = `
<view
  height={325}
  mockedComponent="svg-component"
  width={345}>
  <view
    mockedComponent="svg-G"
    x={45}
    y={20}>
    <view
      mockedComponent="svg-G">
      <view
        fill="#c81212"
        fillOpacity={0.5}
        height={NaN}
        mockedComponent="svg-Rect"
        width={NaN}
        x={0}
        y={NaN} />
      <view
        fill={undefined}
        fontFamily={undefined}
        fontSize={undefined}
        fontStyle="normal"
        fontWeight="normal"
        mockedComponent="svg-Text"
        textAnchor="middle"
        x={25}
        y={NaN}>
        Level1
      </view>
    </view>
    <view
      mockedComponent="svg-G">
      <view
        fill="#2d8023"
        fillOpacity={0.5}
        height={NaN}
        mockedComponent="svg-Rect"
        width={NaN}
        x={0}
        y={NaN} />
      <view
        fill={undefined}
        fontFamily={undefined}
        fontSize={undefined}
        fontStyle="normal"
        fontWeight="normal"
        mockedComponent="svg-Text"
        textAnchor="middle"
        x={25}
        y={NaN}>
        Level2
      </view>
    </view>
    <view
      mockedComponent="svg-G">
      <view
        fill="#6a2380"
        fillOpacity={0.5}
        height={NaN}
        mockedComponent="svg-Rect"
        width={NaN}
        x={0}
        y={NaN} />
      <view
        fill={undefined}
        fontFamily={undefined}
        fontSize={undefined}
        fontStyle="normal"
        fontWeight="normal"
        mockedComponent="svg-Text"
        textAnchor="middle"
        x={25}
        y={NaN}>
        Level3
      </view>
    </view>
    <view
      mockedComponent="svg-G">
      <view
        fill="#807623"
        fillOpacity={0.5}
        height={NaN}
        mockedComponent="svg-Rect"
        width={NaN}
        x={0}
        y={NaN} />
      <view
        fill={undefined}
        fontFamily={undefined}
        fontSize={undefined}
        fontStyle="normal"
        fontWeight="normal"
        mockedComponent="svg-Text"
        textAnchor="middle"
        x={25}
        y={NaN}>
        Level4
      </view>
    </view>
    <view
      mockedComponent="svg-G">
      <view
        fill="#8fb9b3"
        fillOpacity={0.5}
        height={NaN}
        mockedComponent="svg-Rect"
        width={NaN}
        x={0}
        y={NaN} />
      <view
        fill={undefined}
        fontFamily={undefined}
        fontSize={undefined}
        fontStyle="normal"
        fontWeight="normal"
        mockedComponent="svg-Text"
        textAnchor="middle"
        x={25}
        y={NaN}>
        Level-1
      </view>
    </view>
    <view
      mockedComponent="svg-G">
      <view
        fill="#e2d7c3"
        fillOpacity={0.5}
        height={NaN}
        mockedComponent="svg-Rect"
        width={NaN}
        x={0}
        y={NaN} />
      <view
        fill={undefined}
        fontFamily={undefined}
        fontSize={undefined}
        fontStyle="normal"
        fontWeight="normal"
        mockedComponent="svg-Text"
        textAnchor="middle"
        x={25}
        y={NaN}>
        Level-2
      </view>
    </view>
    <view
      d="M NaN NaN C NaN NaN NaN NaN NaN NaN S NaN NaN NaN NaN S NaN NaN NaN NaN S NaN NaN NaN NaN S NaN NaN NaN NaN S NaN NaN NaN NaN S NaN NaN NaN NaN S NaN NaN NaN NaN S NaN NaN NaN NaN S NaN NaN NaN NaN S NaN NaN NaN NaN S NaN NaN NaN NaN S NaN NaN NaN NaN S NaN NaN NaN NaN S NaN NaN NaN NaN S NaN NaN NaN NaN S NaN NaN NaN NaN S NaN NaN NaN NaN S NaN NaN NaN NaN S NaN NaN NaN NaN L NaN NaN L NaN NaN Z "
      fill="#3199de"
      fillOpacity={0.5}
      mockedComponent="svg-Path"
      stroke="none" />
    <view
      d="M NaN NaN C NaN NaN NaN NaN NaN NaN S NaN NaN NaN NaN S NaN NaN NaN NaN S NaN NaN NaN NaN S NaN NaN NaN NaN S NaN NaN NaN NaN S NaN NaN NaN NaN S NaN NaN NaN NaN S NaN NaN NaN NaN S NaN NaN NaN NaN S NaN NaN NaN NaN S NaN NaN NaN NaN S NaN NaN NaN NaN S NaN NaN NaN NaN S NaN NaN NaN NaN S NaN NaN NaN NaN S NaN NaN NaN NaN S NaN NaN NaN NaN S NaN NaN NaN NaN S NaN NaN NaN NaN L NaN NaN L NaN NaN Z "
      fill="#2980b9"
      fillOpacity={0.5}
      mockedComponent="svg-Path"
      stroke="none" />
    <view
      d="M NaN NaN C NaN NaN NaN NaN NaN NaN S NaN NaN NaN NaN S NaN NaN NaN NaN S NaN NaN NaN NaN S NaN NaN NaN NaN S NaN NaN NaN NaN S NaN NaN NaN NaN S NaN NaN NaN NaN S NaN NaN NaN NaN S NaN NaN NaN NaN S NaN NaN NaN NaN S NaN NaN NaN NaN S NaN NaN NaN NaN S NaN NaN NaN NaN S NaN NaN NaN NaN S NaN NaN NaN NaN S NaN NaN NaN NaN S NaN NaN NaN NaN S NaN NaN NaN NaN S NaN NaN NaN NaN"
      fill="none"
      mockedComponent="svg-Path"
      stroke="#3199de"
      strokeWidth="1" />
    <view
      d="M NaN NaN C NaN NaN NaN NaN NaN NaN S NaN NaN NaN NaN S NaN NaN NaN NaN S NaN NaN NaN NaN S NaN NaN NaN NaN S NaN NaN NaN NaN S NaN NaN NaN NaN S NaN NaN NaN NaN S NaN NaN NaN NaN S NaN NaN NaN NaN S NaN NaN NaN NaN S NaN NaN NaN NaN S NaN NaN NaN NaN S NaN NaN NaN NaN S NaN NaN NaN NaN S NaN NaN NaN NaN S NaN NaN NaN NaN S NaN NaN NaN NaN S NaN NaN NaN NaN S NaN NaN NaN NaN"
      fill="none"
      mockedComponent="svg-Path"
      stroke="#2980b9"
      strokeWidth="1" />
    <view
      mockedComponent="svg-G">
      <view
        mockedComponent="svg-G"
        x={-45}
        y={-20}>
        <view
          d="M NaN NaN L NaN NaN Z "
          fill="none"
          mockedComponent="svg-Path"
          stroke="#3E90F0"
          strokeOpacity={0.5}
          strokeWidth={3} />
      </view>
      <view
        mockedComponent="svg-G"
        x={-45}
        y={-20} />
    </view>
    <view
      mockedComponent="svg-G">
      <view
        mockedComponent="svg-G"
        x={-45}
        y={-20}>
        <view
          d="M NaN NaN L NaN NaN Z "
          fill="none"
          mockedComponent="svg-Path"
          stroke="#3E90F0"
          strokeOpacity={0.5}
          strokeWidth={3} />
      </view>
      <view
        mockedComponent="svg-G"
        x={-45}
        y={-20} />
    </view>
  </view>
</view>
`;
